Loading cubes...
  G0=0.1   | rows=2,097,152 | nH2=[9.58e-12, 2.33e+03] | fh2=[8.46e-25, 4.94e-01]
  G0=0.2   | rows=2,097,152 | nH2=[7.41e-13, 9.74e+03] | fh2=[2.26e-30, 4.75e-01]
  G0=0.4   | rows=2,097,152 | nH2=[3.08e-12, 2.28e+03] | fh2=[3.14e-24, 5.07e-01]
  G0=0.8   | rows=2,097,152 | nH2=[3.38e-12, 2.49e+03] | fh2=[9.28e-26, 5.07e-01]
  G0=1.6   | rows=2,097,152 | nH2=[3.83e-12, 2.26e+03] | fh2=[2.64e-24, 5.04e-01]
  G0=3.2   | rows=2,097,152 | nH2=[2.29e-12, 1.29e+04] | fh2=[1.20e-30, 5.05e-01]
  G0=6.4   | rows=2,097,152 | nH2=[4.75e-12, 9.24e+03] | fh2=[2.72e-30, 5.00e-01]
Building base features (15 local)...
Building spatial features (kernels=[3, 5, 7])...
  X_sp: (14680064, 60)

======================================================================
alpha = 10
======================================================================
  G0=0.1    R2=0.9764  RMSE=0.4824  massR=0.998  R2_mol=0.9756  frac01=0.566
  G0=0.2    R2=0.9813  RMSE=0.4722  massR=0.857  R2_mol=0.9897  frac01=0.398
  G0=0.4    R2=0.9847  RMSE=0.4006  massR=0.936  R2_mol=0.9909  frac01=0.278
  G0=0.8    R2=0.9825  RMSE=0.3475  massR=0.955  R2_mol=0.9907  frac01=0.144
  G0=1.6    R2=0.9750  RMSE=0.3129  massR=0.777  R2_mol=0.9917  frac01=0.065
  G0=3.2    R2=0.9560  RMSE=0.3027  massR=0.736  R2_mol=0.9924  frac01=0.033
  G0=6.4    R2=0.8859  RMSE=0.3029  massR=0.621  R2_mol=0.9876  frac01=0.006

======================================================================
alpha = 100
======================================================================
  G0=0.1    R2=0.9762  RMSE=0.4848  massR=1.031  R2_mol=0.9754  frac01=0.567
  G0=0.2    R2=0.9821  RMSE=0.4620  massR=0.914  R2_mol=0.9903  frac01=0.398
  G0=0.4    R2=0.9846  RMSE=0.4008  massR=0.960  R2_mol=0.9910  frac01=0.277
  G0=0.8    R2=0.9823  RMSE=0.3490  massR=0.988  R2_mol=0.9909  frac01=0.145
  G0=1.6    R2=0.9748  RMSE=0.3141  massR=0.936  R2_mol=0.9918  frac01=0.067
  G0=3.2    R2=0.9560  RMSE=0.3028  massR=0.886  R2_mol=0.9929  frac01=0.033
  G0=6.4    R2=0.8856  RMSE=0.3033  massR=0.887  R2_mol=0.9902  frac01=0.006

======================================================================
alpha = 1000
======================================================================
  G0=0.1    R2=0.9762  RMSE=0.4852  massR=1.027  R2_mol=0.9742  frac01=0.555
  G0=0.2    R2=0.9821  RMSE=0.4622  massR=0.972  R2_mol=0.9901  frac01=0.402
  G0=0.4    R2=0.9845  RMSE=0.4023  massR=0.972  R2_mol=0.9907  frac01=0.273
  G0=0.8    R2=0.9823  RMSE=0.3494  massR=0.996  R2_mol=0.9901  frac01=0.142
  G0=1.6    R2=0.9746  RMSE=0.3152  massR=0.992  R2_mol=0.9914  frac01=0.067
  G0=3.2    R2=0.9561  RMSE=0.3024  massR=0.907  R2_mol=0.9922  frac01=0.031
  G0=6.4    R2=0.8865  RMSE=0.3021  massR=0.904  R2_mol=0.9882  frac01=0.006

==========================================================================================
Cross-fold summary (mass_ratio as min-max range)
==========================================================================================
  alpha        R2      RMSE      bias   scatter mass_ratio    R2_mol   frac_01        W1
     10    0.9631    0.3745    0.1982    0.2527 0.62-1.00    0.9884    0.2129    0.2500
    100    0.9631    0.3738    0.1972    0.2523 0.89-1.03    0.9889    0.2132    0.2483
   1000    0.9632    0.3741    0.1969    0.2529 0.90-1.03    0.9881    0.2109    0.2484

Saved -> results/weight_alpha_20260707.json
